// Jest Snapshot v1, https://goo.gl/fbAQLP

exports[`Metrics should get metrics data 1`] = `
Object {
  "metrics": Array [
    Object {
      "title": "function invocations & errors",
      "type": "empty",
    },
    Object {
      "title": "function latency",
      "type": "empty",
    },
    Object {
      "title": "api requests & errors",
      "type": "stacked-bar",
      "x": Object {
        "type": "timestamp",
        "values": Array [
          1599616800000,
          1599617100000,
          1599617400000,
          1599617700000,
          1599618000000,
          1599618300000,
          1599618600000,
          1599618900000,
          1599619200000,
          1599619500000,
          1599619800000,
          1599620100000,
        ],
      },
      "y": Array [
        Object {
          "name": "requests",
          "total": 0,
          "type": "count",
          "values": Array [
            0,
            0,
            0,
            0,
            0,
            0,
            0,
            0,
            0,
            0,
            0,
            0,
          ],
        },
        Object {
          "color": "error",
          "name": "errors",
          "total": 0,
          "type": "count",
          "values": Array [
            0,
            0,
            0,
            0,
            0,
            0,
            0,
            0,
            0,
            0,
            0,
            0,
          ],
        },
      ],
    },
    Object {
      "title": "api latency",
      "type": "multiline",
      "x": Object {
        "type": "timestamp",
        "values": Array [
          1599616800000,
          1599617100000,
          1599617400000,
          1599617700000,
          1599618000000,
          1599618300000,
          1599618600000,
          1599618900000,
          1599619200000,
          1599619500000,
          1599619800000,
          1599620100000,
        ],
      },
      "y": Array [
        Object {
          "name": "P95 latency",
          "total": 0,
          "type": "duration",
          "values": Array [
            0,
            0,
            0,
            0,
            0,
            0,
            0,
            0,
            0,
            0,
            0,
            0,
          ],
        },
        Object {
          "name": "P50 latency",
          "total": 0,
          "type": "duration",
          "values": Array [
            0,
            0,
            0,
            0,
            0,
            0,
            0,
            0,
            0,
            0,
            0,
            0,
          ],
        },
      ],
    },
    Object {
      "title": "api 5xx errors",
      "type": "stacked-bar",
      "x": Object {
        "type": "timestamp",
        "values": Array [
          1599616800000,
          1599617100000,
          1599617400000,
          1599617700000,
          1599618000000,
          1599618300000,
          1599618600000,
          1599618900000,
          1599619200000,
          1599619500000,
          1599619800000,
          1599620100000,
        ],
      },
      "y": Array [
        Object {
          "color": "error",
          "name": "5xx",
          "total": 0,
          "type": "count",
          "values": Array [
            0,
            0,
            0,
            0,
            0,
            0,
            0,
            0,
            0,
            0,
            0,
            0,
          ],
        },
      ],
    },
    Object {
      "title": "api 4xx errors",
      "type": "stacked-bar",
      "x": Object {
        "type": "timestamp",
        "values": Array [
          1599616800000,
          1599617100000,
          1599617400000,
          1599617700000,
          1599618000000,
          1599618300000,
          1599618600000,
          1599618900000,
          1599619200000,
          1599619500000,
          1599619800000,
          1599620100000,
        ],
      },
      "y": Array [
        Object {
          "color": "error",
          "name": "4xx",
          "total": 0,
          "type": "count",
          "values": Array [
            0,
            0,
            0,
            0,
            0,
            0,
            0,
            0,
            0,
            0,
            0,
            0,
          ],
        },
      ],
    },
    Object {
      "color": "error",
      "title": "api errors",
      "type": "list-flat-bar",
      "x": Object {
        "type": "string",
        "values": Array [
          "GET - /",
          "GET - /favicon.ico",
          "GET - /release",
          "POST - /upload",
          "POST - /upload/",
        ],
      },
      "y": Array [
        Object {
          "name": "404",
          "total": 0,
          "type": "count",
          "values": Array [
            0,
            0,
            0,
            0,
            0,
          ],
        },
        Object {
          "name": "500",
          "total": 0,
          "type": "count",
          "values": Array [
            0,
            0,
            0,
            0,
            0,
          ],
        },
      ],
    },
    Object {
      "title": "api path requests",
      "type": "list-details-bar",
      "x": Object {
        "type": "string",
        "values": Array [
          "DELETE - /user/1",
          "GET - /",
          "GET - /favicon.ico",
          "GET - /playground/",
          "GET - /release",
          "GET - /user",
          "POST - /",
          "POST - /upload",
          "POST - /upload/",
          "POST - /user",
        ],
      },
      "y": Array [
        Object {
          "name": "requests",
          "total": 0,
          "type": "count",
          "values": Array [
            0,
            0,
            0,
            0,
            0,
            0,
            0,
            0,
            0,
            0,
          ],
        },
        Object {
          "name": "avg latency",
          "total": 0,
          "type": "duration",
          "values": Array [
            0,
            0,
            0,
            0,
            0,
            0,
            0,
            0,
            0,
            0,
          ],
        },
      ],
    },
    Object {
      "title": "apigw total request num",
      "type": "stacked-bar",
      "x": Object {
        "type": "timestamp",
        "values": Array [
          1599616800000,
          1599617100000,
          1599617400000,
          1599617700000,
          1599618000000,
          1599618300000,
          1599618600000,
          1599618900000,
          1599619200000,
          1599619500000,
          1599619800000,
          1599620100000,
          1599620400000,
        ],
      },
      "y": Array [
        Object {
          "name": "request",
          "total": 0,
          "type": "count",
          "values": Array [
            0,
            0,
            0,
            0,
            0,
            0,
            0,
            0,
            0,
            0,
            0,
            0,
            0,
          ],
        },
      ],
    },
    Object {
      "title": "apigw request response time(ms)",
      "type": "stacked-bar",
      "x": Object {
        "type": "timestamp",
        "values": Array [
          1599616800000,
          1599617100000,
          1599617400000,
          1599617700000,
          1599618000000,
          1599618300000,
          1599618600000,
          1599618900000,
          1599619200000,
          1599619500000,
          1599619800000,
          1599620100000,
          1599620400000,
        ],
      },
      "y": Array [
        Object {
          "name": "response time",
          "total": 0,
          "type": "duration",
          "values": Array [
            0,
            0,
            0,
            0,
            0,
            0,
            0,
            0,
            0,
            0,
            0,
            0,
            0,
          ],
        },
      ],
    },
  ],
  "rangeEnd": "2020-09-09T11:00:00Z",
  "rangeStart": "2020-09-09T10:00:00Z",
}
`;
