// Jest Snapshot v1, https://goo.gl/fbAQLP

exports[`Metrics should get metrics data 1`] = `
Object {
  "metrics": Array [
    Object {
      "title": "function invocations & errors",
      "type": "empty",
    },
    Object {
      "title": "function latency",
      "type": "empty",
    },
    Object {
      "title": "api requests & errors",
      "type": "stacked-bar",
      "x": Object {
        "type": "timestamp",
        "values": Array [],
      },
      "y": Array [
        Object {
          "name": "requests",
          "total": 0,
          "type": "count",
          "values": Array [
            0,
            0,
            0,
            0,
            0,
            0,
            0,
            0,
            0,
            0,
            0,
            0,
          ],
        },
        Object {
          "color": "error",
          "name": "errors",
          "total": 0,
          "type": "count",
          "values": Array [
            0,
            0,
            0,
            0,
            0,
            0,
            0,
            0,
            0,
            0,
            0,
            0,
          ],
        },
      ],
    },
    Object {
      "title": "api latency",
      "type": "multiline",
      "x": Object {
        "type": "timestamp",
        "values": Array [],
      },
      "y": Array [
        Object {
          "name": "P95 latency",
          "total": 0,
          "type": "duration",
          "values": Array [
            0,
            0,
            0,
            0,
            0,
            0,
            0,
            0,
            0,
            0,
            0,
            0,
          ],
        },
        Object {
          "name": "P50 latency",
          "total": 0,
          "type": "duration",
          "values": Array [
            0,
            0,
            0,
            0,
            0,
            0,
            0,
            0,
            0,
            0,
            0,
            0,
          ],
        },
      ],
    },
    Object {
      "title": "api 5xx errors",
      "type": "stacked-bar",
      "x": Object {
        "type": "timestamp",
        "values": Array [],
      },
      "y": Array [
        Object {
          "color": "error",
          "name": "5xx",
          "total": 0,
          "type": "count",
          "values": Array [
            0,
            0,
            0,
            0,
            0,
            0,
            0,
            0,
            0,
            0,
            0,
            0,
          ],
        },
      ],
    },
    Object {
      "title": "api 4xx errors",
      "type": "stacked-bar",
      "x": Object {
        "type": "timestamp",
        "values": Array [],
      },
      "y": Array [
        Object {
          "color": "error",
          "name": "4xx",
          "total": 0,
          "type": "count",
          "values": Array [
            0,
            0,
            0,
            0,
            0,
            0,
            0,
            0,
            0,
            0,
            0,
            0,
          ],
        },
      ],
    },
    Object {
      "color": "error",
      "title": "api errors",
      "type": "list-flat-bar",
      "x": Object {
        "type": "string",
        "values": Array [
          "GET - /",
          "GET - /favicon.ico",
          "GET - /release",
          "POST - /",
          "POST - /upload",
          "POST - /upload/",
        ],
      },
      "y": Array [
        Object {
          "name": "404",
          "total": 0,
          "type": "count",
          "values": Array [
            0,
            0,
            0,
            0,
            0,
            0,
          ],
        },
        Object {
          "name": "500",
          "total": 0,
          "type": "count",
          "values": Array [
            0,
            0,
            0,
            0,
            0,
            0,
          ],
        },
      ],
    },
    Object {
      "title": "api path requests",
      "type": "list-details-bar",
      "x": Object {
        "type": "string",
        "values": Array [
          "DELETE - /user/1",
          "GET - /",
          "GET - /css/app.0e433876.css",
          "GET - /css/vendor.74750554.css",
          "GET - /favicon.ico",
          "GET - /fonts/fluhrq6tzzclqej-vdg-iuiadsncihq8tq.b8c10426.woff2",
          "GET - /fonts/kfomcnqeu92fr1mu4mxm.49ae34d4.woff",
          "GET - /js/2.a13ff69c.js",
          "GET - /js/3.c5fd7573.js",
          "GET - /js/4.f6f9cf3e.js",
          "GET - /js/app.5a5abe2e.js",
          "GET - /js/vendor.b157e443.js",
          "GET - /playground",
          "GET - /playground/",
          "GET - /release",
          "GET - /user",
          "POST - /",
          "POST - /upload",
          "POST - /upload/",
          "POST - /user",
        ],
      },
      "y": Array [
        Object {
          "name": "requests",
          "total": 0,
          "type": "count",
          "values": Array [
            0,
            0,
            0,
            0,
            0,
            0,
            0,
            0,
            0,
            0,
            0,
            0,
            0,
            0,
            0,
            0,
            0,
            0,
            0,
            0,
          ],
        },
        Object {
          "name": "avg latency",
          "total": 0,
          "type": "duration",
          "values": Array [
            0,
            0,
            0,
            0,
            0,
            0,
            0,
            0,
            0,
            0,
            0,
            0,
            0,
            0,
            0,
            0,
            0,
            0,
            0,
            0,
          ],
        },
      ],
    },
    Object {
      "title": "apigw total request num",
      "type": "stacked-bar",
      "x": Object {
        "type": "timestamp",
        "values": Array [],
      },
      "y": Array [
        Object {
          "name": "request",
          "total": 0,
          "type": "count",
          "values": Array [
            0,
            0,
            0,
            0,
            0,
            0,
            0,
            0,
            0,
            0,
            0,
            0,
            0,
          ],
        },
      ],
    },
    Object {
      "title": "apigw request response time(ms)",
      "type": "stacked-bar",
      "x": Object {
        "type": "timestamp",
        "values": Array [],
      },
      "y": Array [
        Object {
          "name": "response time",
          "total": 0,
          "type": "duration",
          "values": Array [
            0,
            0,
            0,
            0,
            0,
            0,
            0,
            0,
            0,
            0,
            0,
            0,
            0,
          ],
        },
      ],
    },
  ],
  "rangeEnd": "2020-09-09 11:00:00",
  "rangeStart": "2020-09-09 10:00:00",
}
`;
